indexed 33769 games
shard 0003: 1140 rows (1/68 shards)
shard 0004: 1270 rows (2/68 shards)
shard 0000: 1357 rows (3/68 shards)
shard 0005: 1410 rows (4/68 shards)
shard 0006: 1417 rows (5/68 shards)
shard 0007: 1451 rows (6/68 shards)
shard 0002: 1467 rows (7/68 shards)
shard 0001: 1543 rows (8/68 shards)
shard 0010: 1269 rows (9/68 shards)
shard 0008: 1479 rows (10/68 shards)
shard 0012: 1237 rows (11/68 shards)
shard 0009: 1473 rows (12/68 shards)
shard 0011: 1369 rows (13/68 shards)
shard 0014: 1309 rows (14/68 shards)
shard 0013: 1317 rows (15/68 shards)
shard 0015: 1356 rows (16/68 shards)
shard 0016: 1399 rows (17/68 shards)
shard 0017: 1401 rows (18/68 shards)
shard 0021: 1324 rows (19/68 shards)
shard 0018: 1439 rows (20/68 shards)
shard 0020: 1350 rows (21/68 shards)
shard 0019: 1399 rows (22/68 shards)
shard 0022: 1386 rows (23/68 shards)
shard 0023: 1477 rows (24/68 shards)
shard 0024: 1299 rows (25/68 shards)
shard 0025: 1394 rows (26/68 shards)
shard 0026: 1456 rows (27/68 shards)
shard 0029: 1417 rows (28/68 shards)
shard 0028: 1422 rows (29/68 shards)
shard 0030: 1504 rows (30/68 shards)
shard 0031: 1308 rows (31/68 shards)
shard 0027: 1603 rows (32/68 shards)
shard 0032: 1301 rows (33/68 shards)
shard 0035: 1223 rows (34/68 shards)
shard 0034: 1305 rows (35/68 shards)
shard 0033: 1463 rows (36/68 shards)
shard 0036: 1349 rows (37/68 shards)
shard 0038: 1311 rows (38/68 shards)
shard 0039: 1273 rows (39/68 shards)
illegal san: 'Nxe4' in rnbqkbnr/pppppppp/8/8/8/5P2/PPPPP1PP/RNBQKBNR b KQkq - 0 1 while parsing <Game at 0x107e12720 ('Antal,Ge' vs. 'Predke,A', '2025.02.23' at 'Germany GER')>
shard 0037: 1384 rows (40/68 shards)
shard 0040: 1348 rows (41/68 shards)
shard 0041: 1398 rows (42/68 shards)
shard 0042: 1349 rows (43/68 shards)
shard 0044: 1404 rows (44/68 shards)
shard 0045: 1377 rows (45/68 shards)
shard 0043: 1493 rows (46/68 shards)
shard 0047: 1449 rows (47/68 shards)
shard 0046: 1529 rows (48/68 shards)
shard 0048: 1549 rows (49/68 shards)
shard 0050: 1335 rows (50/68 shards)
shard 0049: 1496 rows (51/68 shards)
shard 0054: 1314 rows (52/68 shards)
shard 0051: 1535 rows (53/68 shards)
shard 0053: 1472 rows (54/68 shards)
shard 0052: 1585 rows (55/68 shards)
shard 0055: 1421 rows (56/68 shards)
shard 0057: 1334 rows (57/68 shards)
shard 0058: 1287 rows (58/68 shards)
shard 0056: 1462 rows (59/68 shards)
shard 0062: 1307 rows (60/68 shards)
shard 0060: 1381 rows (61/68 shards)
shard 0059: 1435 rows (62/68 shards)
shard 0061: 1444 rows (63/68 shards)
shard 0063: 1491 rows (64/68 shards)
shard 0067: 729 rows (65/68 shards)
shard 0065: 1351 rows (66/68 shards)
shard 0064: 1432 rows (67/68 shards)
shard 0066: 1531 rows (68/68 shards)
ALL SHARDS DONE
anchors: 94289

== FAST h12/t2 ==
                      plan | P(actual) | P(random) |  lift | lift 95% CI
               alternation |     0.03% |     0.01% |  3.00 | [1.08, 8.30]
             attack_passer |     5.46% |     4.21% |  1.30 | [1.22, 1.37]
             backward_push |     2.73% |     2.07% |  1.32 | [1.21, 1.43]
         bad_bishop_escape |     1.43% |     1.17% |  1.23 | [1.10, 1.37]
              bind_squeeze |     0.24% |     0.74% |  0.33 | [0.27, 0.40]
                  blockade |     5.92% |     2.93% |  2.02 | [1.90, 2.15]
           castle_kingside |    13.08% |     3.01% |  4.35 | [4.12, 4.58]
          castle_queenside |     5.37% |     3.53% |  1.52 | [1.43, 1.62]
      center_break_vs_king |     1.60% |     0.51% |  3.15 | [2.74, 3.62]
         chain_base_attack |     4.02% |     0.93% |  4.30 | [3.90, 4.74]
             deny_castling |     0.42% |     0.49% |  0.86 | [0.71, 1.04]
                    entomb |     2.46% |     2.14% |  1.15 | [1.06, 1.25]
       exchange_bad_bishop |     1.45% |     0.04% | 40.18 | [27.28, 59.17]
           fix_then_attack |     2.44% |     2.22% |  1.10 | [1.01, 1.19]
           free_bad_bishop |    33.25% |    38.46% |  0.86 | [0.85, 0.88]
      harvest_overextended |     8.92% |     1.49% |  5.99 | [5.57, 6.44]
             heavy_battery |    11.11% |     5.75% |  1.93 | [1.85, 2.02]
                king_march |     0.50% |     0.31% |  1.63 | [1.33, 2.00]
            knight_reroute |     1.44% |     1.28% |  1.13 | [1.01, 1.26]
             majority_roll |     2.68% |     2.93% |  0.91 | [0.85, 0.99]
           minority_attack |     0.46% |     0.38% |  1.20 | [0.98, 1.46]
   minority_attack_general |     2.37% |     2.84% |  0.84 | [0.77, 0.90]
            minority_block |     0.01% |     0.01% |  0.89 | [0.24, 3.33]
                 open_king |     1.90% |     2.16% |  0.88 | [0.81, 0.96]
        outpost_occupation |    10.15% |     4.08% |  2.49 | [2.37, 2.62]
          pair_acquisition |     8.02% |     5.82% |  1.38 | [1.31, 1.45]
                pair_break |    15.36% |     0.98% | 15.66 | [14.46, 16.94]
           passer_creation |     7.37% |     4.49% |  1.64 | [1.56, 1.73]
               passer_push |     1.29% |     0.74% |  1.75 | [1.53, 1.99]
                pawn_storm |     0.57% |     0.25% |  2.30 | [1.86, 2.85]
              piece_attack |     0.00% |     0.01% |  0.57 | [0.11, 3.03]
            prepared_break |    21.49% |     6.35% |  3.39 | [3.26, 3.51]
           remove_defender |     1.56% |     0.22% |  7.11 | [5.90, 8.56]
           rook_activation |    23.71% |     9.20% |  2.58 | [2.50, 2.66]
                 rook_lift |     0.34% |     0.37% |  0.91 | [0.74, 1.13]
            seal_to_entomb |     2.25% |     1.84% |  1.22 | [1.12, 1.34]
          seventh_invasion |     6.22% |     5.28% |  1.18 | [1.12, 1.24]
            simplification |     3.91% |     0.44% |  8.92 | [7.85, 10.13]
              storm_launch |     4.60% |     5.68% |  0.81 | [0.77, 0.86]
            strong_outpost |     5.87% |     4.81% |  1.22 | [1.16, 1.29]
        trade_into_endgame |     0.72% |     0.00% | 339.50 | [86.38, 1334.30]
          weakness_harvest |    13.74% |     5.02% |  2.74 | [2.62, 2.86]
            wing_expansion |     4.25% |     3.96% |  1.07 | [1.01, 1.14]

== SLOW h25/t6 ==
                      plan | P(actual) | P(random) |  lift | lift 95% CI
               alternation |     0.33% |     0.07% |  4.52 | [3.20, 6.39]
             attack_passer |     6.54% |     4.63% |  1.42 | [1.34, 1.49]
             backward_push |     4.63% |     3.70% |  1.25 | [1.18, 1.33]
         bad_bishop_escape |     4.09% |     3.34% |  1.22 | [1.15, 1.31]
              bind_squeeze |     0.09% |     0.45% |  0.19 | [0.14, 0.27]
                  blockade |     8.11% |     4.10% |  1.98 | [1.88, 2.09]
           castle_kingside |    15.79% |     5.27% |  2.99 | [2.87, 3.12]
          castle_queenside |     9.04% |     7.04% |  1.28 | [1.23, 1.34]
      center_break_vs_king |     2.27% |     1.10% |  2.07 | [1.87, 2.30]
         chain_base_attack |     7.87% |     2.73% |  2.88 | [2.72, 3.06]
             deny_castling |     0.63% |     0.90% |  0.70 | [0.61, 0.81]
                    entomb |     2.32% |     2.46% |  0.94 | [0.87, 1.02]
       exchange_bad_bishop |     2.58% |     0.11% | 23.80 | [18.86, 30.05]
           fix_then_attack |     4.15% |     3.98% |  1.04 | [0.98, 1.11]
           free_bad_bishop |    43.50% |    55.47% |  0.78 | [0.77, 0.79]
      harvest_overextended |    20.02% |     4.46% |  4.49 | [4.30, 4.68]
             heavy_battery |    13.66% |     5.81% |  2.35 | [2.26, 2.45]
                king_march |     3.25% |     1.43% |  2.27 | [2.08, 2.48]
            knight_reroute |     5.20% |     6.00% |  0.87 | [0.82, 0.91]
             majority_roll |     5.13% |     8.10% |  0.63 | [0.60, 0.66]
           minority_attack |     0.82% |     0.67% |  1.22 | [1.05, 1.41]
   minority_attack_general |     4.03% |     4.99% |  0.81 | [0.76, 0.86]
            minority_block |     0.01% |     0.02% |  0.55 | [0.20, 1.52]
                 open_king |     3.06% |     3.90% |  0.78 | [0.73, 0.84]
        outpost_occupation |    18.83% |     8.43% |  2.24 | [2.16, 2.31]
          pair_acquisition |     7.74% |    10.97% |  0.71 | [0.68, 0.73]
                pair_break |    27.77% |     2.37% | 11.71 | [11.12, 12.33]
           passer_creation |    16.02% |    12.51% |  1.28 | [1.24, 1.32]
               passer_push |     2.94% |     1.83% |  1.61 | [1.48, 1.75]
                pawn_storm |     1.50% |     1.33% |  1.13 | [1.01, 1.25]
              piece_attack |     0.00% |     0.01% |  0.38 | [0.06, 2.18]
            prepared_break |    44.43% |    23.66% |  1.88 | [1.84, 1.91]
           remove_defender |     2.76% |     0.52% |  5.36 | [4.72, 6.08]
           rook_activation |    44.61% |    19.71% |  2.26 | [2.22, 2.31]
                 rook_lift |     1.48% |     1.26% |  1.17 | [1.05, 1.31]
            seal_to_entomb |     2.21% |     2.25% |  0.98 | [0.90, 1.07]
          seventh_invasion |    10.35% |     7.22% |  1.43 | [1.38, 1.50]
            simplification |    10.36% |     2.31% |  4.48 | [4.22, 4.76]
              storm_launch |     8.17% |    10.56% |  0.77 | [0.74, 0.81]
            strong_outpost |     5.62% |     4.73% |  1.19 | [1.13, 1.26]
        trade_into_endgame |     2.85% |     0.08% | 33.54 | [25.97, 43.32]
          weakness_harvest |    30.85% |    12.71% |  2.43 | [2.36, 2.49]
            wing_expansion |     7.54% |    11.35% |  0.66 | [0.64, 0.69]

== plan -> outcome (actual futures, h25; score of the plan's side) ==
  baseline (White persp mean): 0.554
                 alternation: 0.607 (n=312)
               attack_passer: 0.505 (n=6572)
               backward_push: 0.496 (n=4426)
           bad_bishop_escape: 0.528 (n=3960)
                bind_squeeze: 0.579 (n=82)
                    blockade: 0.508 (n=7874)
             castle_kingside: 0.501 (n=17441)
            castle_queenside: 0.504 (n=9177)
        center_break_vs_king: 0.543 (n=2144)
           chain_base_attack: 0.503 (n=7772)
               deny_castling: 0.513 (n=598)
                      entomb: 0.503 (n=2225)
         exchange_bad_bishop: 0.504 (n=2445)
             fix_then_attack: 0.520 (n=3952)
             free_bad_bishop: 0.493 (n=50072)
        harvest_overextended: 0.507 (n=19598)
               heavy_battery: 0.525 (n=13797)
                  king_march: 0.531 (n=3143)
              knight_reroute: 0.548 (n=4998)
               majority_roll: 0.552 (n=4910)
             minority_attack: 0.558 (n=770)
     minority_attack_general: 0.491 (n=3797)
                   open_king: 0.566 (n=2960)
          outpost_occupation: 0.532 (n=19169)
            pair_acquisition: 0.535 (n=7296)
                  pair_break: 0.504 (n=26183)
             passer_creation: 0.554 (n=16183)
                 passer_push: 0.582 (n=2863)
                  pawn_storm: 0.540 (n=1459)
              prepared_break: 0.507 (n=51300)
             remove_defender: 0.515 (n=2641)
             rook_activation: 0.521 (n=49449)
                   rook_lift: 0.545 (n=1398)
              seal_to_entomb: 0.532 (n=2094)
            seventh_invasion: 0.562 (n=10689)
              simplification: 0.491 (n=9773)
                storm_launch: 0.511 (n=8230)
              strong_outpost: 0.523 (n=5407)
          trade_into_endgame: 0.510 (n=2683)
            weakness_harvest: 0.532 (n=32178)
              wing_expansion: 0.545 (n=7216)

== structure -> plan rates (actual h25; owner-side plans only) ==
        split_majorities:B (n=15564): prepared_break 26%, rook_activation 25%, free_bad_bishop 25%, weakness_harvest 16%
        split_majorities:W (n=10007): rook_activation 30%, prepared_break 26%, free_bad_bishop 22%, weakness_harvest 19%
                 isolani:B (n= 4068): rook_activation 31%, weakness_harvest 17%, free_bad_bishop 16%, prepared_break 16%
       giuoco_pianissimo:B (n= 3004): prepared_break 47%, free_bad_bishop 44%, pair_break 18%, chain_base_attack 11%
                carlsbad:W (n= 2903): prepared_break 34%, rook_activation 26%, free_bad_bishop 21%, minority_attack 18%
                 isolani:W (n= 2861): rook_activation 35%, weakness_harvest 22%, prepared_break 18%, pair_break 16%
       giuoco_pianissimo:W (n= 2789): prepared_break 58%, free_bad_bishop 38%, pair_break 14%, rook_activation 12%
        boleslavsky_wall:B (n= 2109): prepared_break 33%, free_bad_bishop 30%, rook_activation 25%, castle_kingside 22%
          slav_formation:W (n= 2013): rook_activation 29%, prepared_break 28%, free_bad_bishop 26%, weakness_harvest 23%
          catalan_closed:W (n= 1964): prepared_break 48%, free_bad_bishop 32%, rook_activation 22%, weakness_harvest 14%
           mar_del_plata:W (n= 1595): free_bad_bishop 39%, prepared_break 36%, rook_activation 19%, weakness_harvest 12%
           slav_triangle:B (n= 1591): free_bad_bishop 49%, prepared_break 47%, rook_activation 14%, chain_base_attack 13%
